PHPUnit 10.5.63 by Sebastian Bergmann and contributors.

Runtime:       PHP 8.2.12
Configuration: C:\Users\Digima\Documents\IQONELITE\digima-laravel10-backend\phpunit.xml

E                                                                   1 / 1 (100%)

Time: 00:00.585, Memory: 30.00 MB

There was 1 error:

1) Tests\Feature\ExampleTest::test_the_application_returns_a_successful_response
Illuminate\Database\QueryException: SQLSTATE[HY000]: General error: 1 no such table: tbl_cart (Connection: sqlite, SQL: select * from "tbl_cart" inner join "tbl_item" on "tbl_item"."item_id" = "tbl_cart"."cart_item_id" where "cart_key" = 30645827 and "cart_status" = 0)

C:\Users\Digima\Documents\IQONELITE\digima-laravel10-backend\vendor\laravel\framework\src\Illuminate\Database\Connection.php:829
C:\Users\Digima\Documents\IQONELITE\digima-laravel10-backend\vendor\laravel\framework\src\Illuminate\Database\Connection.php:783
C:\Users\Digima\Documents\IQONELITE\digima-laravel10-backend\vendor\laravel\framework\src\Illuminate\Database\Connection.php:414
C:\Users\Digima\Documents\IQONELITE\digima-laravel10-backend\vendor\laravel\framework\src\Illuminate\Database\Query\Builder.php:2913
C:\Users\Digima\Documents\IQONELITE\digima-laravel10-backend\vendor\laravel\framework\src\Illuminate\Database\Query\Builder.php:2902
C:\Users\Digima\Documents\IQONELITE\digima-laravel10-backend\vendor\laravel\framework\src\Illuminate\Database\Query\Builder.php:3456
C:\Users\Digima\Documents\IQONELITE\digima-laravel10-backend\vendor\laravel\framework\src\Illuminate\Database\Query\Builder.php:2901
C:\Users\Digima\Documents\IQONELITE\digima-laravel10-backend\vendor\laravel\framework\src\Illuminate\Database\Eloquent\Builder.php:739
C:\Users\Digima\Documents\IQONELITE\digima-laravel10-backend\vendor\laravel\framework\src\Illuminate\Database\Eloquent\Builder.php:723
C:\Users\Digima\Documents\IQONELITE\digima-laravel10-backend\app\Globals\Cart.php:50
C:\Users\Digima\Documents\IQONELITE\digima-laravel10-backend\app\Http\Controllers\FrontController.php:21
C:\Users\Digima\Documents\IQONELITE\digima-laravel10-backend\vendor\laravel\framework\src\Illuminate\Container\Container.php:952
C:\Users\Digima\Documents\IQONELITE\digima-laravel10-backend\vendor\laravel\framework\src\Illuminate\Container\Container.php:795
C:\Users\Digima\Documents\IQONELITE\digima-laravel10-backend\vendor\laravel\framework\src\Illuminate\Foundation\Application.php:986
C:\Users\Digima\Documents\IQONELITE\digima-laravel10-backend\vendor\laravel\framework\src\Illuminate\Container\Container.php:731
C:\Users\Digima\Documents\IQONELITE\digima-laravel10-backend\vendor\laravel\framework\src\Illuminate\Foundation\Application.php:971
C:\Users\Digima\Documents\IQONELITE\digima-laravel10-backend\vendor\laravel\framework\src\Illuminate\Routing\Route.php:278
C:\Users\Digima\Documents\IQONELITE\digima-laravel10-backend\vendor\laravel\framework\src\Illuminate\Routing\Route.php:1104
C:\Users\Digima\Documents\IQONELITE\digima-laravel10-backend\vendor\laravel\framework\src\Illuminate\Routing\Route.php:1035
C:\Users\Digima\Documents\IQONELITE\digima-laravel10-backend\vendor\laravel\framework\src\Illuminate\Routing\Router.php:818
C:\Users\Digima\Documents\IQONELITE\digima-laravel10-backend\vendor\laravel\framework\src\Illuminate\Routing\Router.php:800
C:\Users\Digima\Documents\IQONELITE\digima-laravel10-backend\vendor\laravel\framework\src\Illuminate\Routing\Router.php:784
C:\Users\Digima\Documents\IQONELITE\digima-laravel10-backend\vendor\laravel\framework\src\Illuminate\Routing\Router.php:748
C:\Users\Digima\Documents\IQONELITE\digima-laravel10-backend\vendor\laravel\framework\src\Illuminate\Routing\Router.php:737
C:\Users\Digima\Documents\IQONELITE\digima-laravel10-backend\vendor\laravel\framework\src\Illuminate\Foundation\Http\Kernel.php:200
C:\Users\Digima\Documents\IQONELITE\digima-laravel10-backend\vendor\laravel\framework\src\Illuminate\Pipeline\Pipeline.php:144
C:\Users\Digima\Documents\IQONELITE\digima-laravel10-backend\vendor\laravel\framework\src\Illuminate\Foundation\Http\Middleware\TransformsRequest.php:21
C:\Users\Digima\Documents\IQONELITE\digima-laravel10-backend\vendor\laravel\framework\src\Illuminate\Foundation\Http\Middleware\ConvertEmptyStringsToNull.php:31
C:\Users\Digima\Documents\IQONELITE\digima-laravel10-backend\vendor\laravel\framework\src\Illuminate\Pipeline\Pipeline.php:183
C:\Users\Digima\Documents\IQONELITE\digima-laravel10-backend\vendor\laravel\framework\src\Illuminate\Foundation\Http\Middleware\TransformsRequest.php:21
C:\Users\Digima\Documents\IQONELITE\digima-laravel10-backend\vendor\laravel\framework\src\Illuminate\Foundation\Http\Middleware\TrimStrings.php:40
C:\Users\Digima\Documents\IQONELITE\digima-laravel10-backend\vendor\laravel\framework\src\Illuminate\Pipeline\Pipeline.php:183
C:\Users\Digima\Documents\IQONELITE\digima-laravel10-backend\vendor\laravel\framework\src\Illuminate\Foundation\Http\Middleware\ValidatePostSize.php:27
C:\Users\Digima\Documents\IQONELITE\digima-laravel10-backend\vendor\laravel\framework\src\Illuminate\Pipeline\Pipeline.php:183
C:\Users\Digima\Documents\IQONELITE\digima-laravel10-backend\vendor\laravel\framework\src\Illuminate\Foundation\Http\Middleware\PreventRequestsDuringMaintenance.php:99
C:\Users\Digima\Documents\IQONELITE\digima-laravel10-backend\vendor\laravel\framework\src\Illuminate\Pipeline\Pipeline.php:183
C:\Users\Digima\Documents\IQONELITE\digima-laravel10-backend\vendor\laravel\framework\src\Illuminate\Http\Middleware\HandleCors.php:49
C:\Users\Digima\Documents\IQONELITE\digima-laravel10-backend\vendor\laravel\framework\src\Illuminate\Pipeline\Pipeline.php:183
C:\Users\Digima\Documents\IQONELITE\digima-laravel10-backend\vendor\laravel\framework\src\Illuminate\Http\Middleware\TrustProxies.php:39
C:\Users\Digima\Documents\IQONELITE\digima-laravel10-backend\vendor\laravel\framework\src\Illuminate\Pipeline\Pipeline.php:183
C:\Users\Digima\Documents\IQONELITE\digima-laravel10-backend\vendor\laravel\framework\src\Illuminate\Pipeline\Pipeline.php:119
C:\Users\Digima\Documents\IQONELITE\digima-laravel10-backend\vendor\laravel\framework\src\Illuminate\Foundation\Http\Kernel.php:175
C:\Users\Digima\Documents\IQONELITE\digima-laravel10-backend\vendor\laravel\framework\src\Illuminate\Foundation\Http\Kernel.php:144
C:\Users\Digima\Documents\IQONELITE\digima-laravel10-backend\vendor\laravel\framework\src\Illuminate\Foundation\Testing\Concerns\MakesHttpRequests.php:585
C:\Users\Digima\Documents\IQONELITE\digima-laravel10-backend\vendor\laravel\framework\src\Illuminate\Foundation\Testing\Concerns\MakesHttpRequests.php:346
C:\Users\Digima\Documents\IQONELITE\digima-laravel10-backend\tests\Feature\ExampleTest.php:16

Caused by
PDOException: SQLSTATE[HY000]: General error: 1 no such table: tbl_cart

C:\Users\Digima\Documents\IQONELITE\digima-laravel10-backend\vendor\laravel\framework\src\Illuminate\Database\Connection.php:423
C:\Users\Digima\Documents\IQONELITE\digima-laravel10-backend\vendor\laravel\framework\src\Illuminate\Database\Connection.php:816
C:\Users\Digima\Documents\IQONELITE\digima-laravel10-backend\vendor\laravel\framework\src\Illuminate\Database\Connection.php:783
C:\Users\Digima\Documents\IQONELITE\digima-laravel10-backend\vendor\laravel\framework\src\Illuminate\Database\Connection.php:414
C:\Users\Digima\Documents\IQONELITE\digima-laravel10-backend\vendor\laravel\framework\src\Illuminate\Database\Query\Builder.php:2913
C:\Users\Digima\Documents\IQONELITE\digima-laravel10-backend\vendor\laravel\framework\src\Illuminate\Database\Query\Builder.php:2902
C:\Users\Digima\Documents\IQONELITE\digima-laravel10-backend\vendor\laravel\framework\src\Illuminate\Database\Query\Builder.php:3456
C:\Users\Digima\Documents\IQONELITE\digima-laravel10-backend\vendor\laravel\framework\src\Illuminate\Database\Query\Builder.php:2901
C:\Users\Digima\Documents\IQONELITE\digima-laravel10-backend\vendor\laravel\framework\src\Illuminate\Database\Eloquent\Builder.php:739
C:\Users\Digima\Documents\IQONELITE\digima-laravel10-backend\vendor\laravel\framework\src\Illuminate\Database\Eloquent\Builder.php:723
C:\Users\Digima\Documents\IQONELITE\digima-laravel10-backend\app\Globals\Cart.php:50
C:\Users\Digima\Documents\IQONELITE\digima-laravel10-backend\app\Http\Controllers\FrontController.php:21
C:\Users\Digima\Documents\IQONELITE\digima-laravel10-backend\vendor\laravel\framework\src\Illuminate\Container\Container.php:952
C:\Users\Digima\Documents\IQONELITE\digima-laravel10-backend\vendor\laravel\framework\src\Illuminate\Container\Container.php:795
C:\Users\Digima\Documents\IQONELITE\digima-laravel10-backend\vendor\laravel\framework\src\Illuminate\Foundation\Application.php:986
C:\Users\Digima\Documents\IQONELITE\digima-laravel10-backend\vendor\laravel\framework\src\Illuminate\Container\Container.php:731
C:\Users\Digima\Documents\IQONELITE\digima-laravel10-backend\vendor\laravel\framework\src\Illuminate\Foundation\Application.php:971
C:\Users\Digima\Documents\IQONELITE\digima-laravel10-backend\vendor\laravel\framework\src\Illuminate\Routing\Route.php:278
C:\Users\Digima\Documents\IQONELITE\digima-laravel10-backend\vendor\laravel\framework\src\Illuminate\Routing\Route.php:1104
C:\Users\Digima\Documents\IQONELITE\digima-laravel10-backend\vendor\laravel\framework\src\Illuminate\Routing\Route.php:1035
C:\Users\Digima\Documents\IQONELITE\digima-laravel10-backend\vendor\laravel\framework\src\Illuminate\Routing\Router.php:818
C:\Users\Digima\Documents\IQONELITE\digima-laravel10-backend\vendor\laravel\framework\src\Illuminate\Routing\Router.php:800
C:\Users\Digima\Documents\IQONELITE\digima-laravel10-backend\vendor\laravel\framework\src\Illuminate\Routing\Router.php:784
C:\Users\Digima\Documents\IQONELITE\digima-laravel10-backend\vendor\laravel\framework\src\Illuminate\Routing\Router.php:748
C:\Users\Digima\Documents\IQONELITE\digima-laravel10-backend\vendor\laravel\framework\src\Illuminate\Routing\Router.php:737
C:\Users\Digima\Documents\IQONELITE\digima-laravel10-backend\vendor\laravel\framework\src\Illuminate\Foundation\Http\Kernel.php:200
C:\Users\Digima\Documents\IQONELITE\digima-laravel10-backend\vendor\laravel\framework\src\Illuminate\Pipeline\Pipeline.php:144
C:\Users\Digima\Documents\IQONELITE\digima-laravel10-backend\vendor\laravel\framework\src\Illuminate\Foundation\Http\Middleware\TransformsRequest.php:21
C:\Users\Digima\Documents\IQONELITE\digima-laravel10-backend\vendor\laravel\framework\src\Illuminate\Foundation\Http\Middleware\ConvertEmptyStringsToNull.php:31
C:\Users\Digima\Documents\IQONELITE\digima-laravel10-backend\vendor\laravel\framework\src\Illuminate\Pipeline\Pipeline.php:183
C:\Users\Digima\Documents\IQONELITE\digima-laravel10-backend\vendor\laravel\framework\src\Illuminate\Foundation\Http\Middleware\TransformsRequest.php:21
C:\Users\Digima\Documents\IQONELITE\digima-laravel10-backend\vendor\laravel\framework\src\Illuminate\Foundation\Http\Middleware\TrimStrings.php:40
C:\Users\Digima\Documents\IQONELITE\digima-laravel10-backend\vendor\laravel\framework\src\Illuminate\Pipeline\Pipeline.php:183
C:\Users\Digima\Documents\IQONELITE\digima-laravel10-backend\vendor\laravel\framework\src\Illuminate\Foundation\Http\Middleware\ValidatePostSize.php:27
C:\Users\Digima\Documents\IQONELITE\digima-laravel10-backend\vendor\laravel\framework\src\Illuminate\Pipeline\Pipeline.php:183
C:\Users\Digima\Documents\IQONELITE\digima-laravel10-backend\vendor\laravel\framework\src\Illuminate\Foundation\Http\Middleware\PreventRequestsDuringMaintenance.php:99
C:\Users\Digima\Documents\IQONELITE\digima-laravel10-backend\vendor\laravel\framework\src\Illuminate\Pipeline\Pipeline.php:183
C:\Users\Digima\Documents\IQONELITE\digima-laravel10-backend\vendor\laravel\framework\src\Illuminate\Http\Middleware\HandleCors.php:49
C:\Users\Digima\Documents\IQONELITE\digima-laravel10-backend\vendor\laravel\framework\src\Illuminate\Pipeline\Pipeline.php:183
C:\Users\Digima\Documents\IQONELITE\digima-laravel10-backend\vendor\laravel\framework\src\Illuminate\Http\Middleware\TrustProxies.php:39
C:\Users\Digima\Documents\IQONELITE\digima-laravel10-backend\vendor\laravel\framework\src\Illuminate\Pipeline\Pipeline.php:183
C:\Users\Digima\Documents\IQONELITE\digima-laravel10-backend\vendor\laravel\framework\src\Illuminate\Pipeline\Pipeline.php:119
C:\Users\Digima\Documents\IQONELITE\digima-laravel10-backend\vendor\laravel\framework\src\Illuminate\Foundation\Http\Kernel.php:175
C:\Users\Digima\Documents\IQONELITE\digima-laravel10-backend\vendor\laravel\framework\src\Illuminate\Foundation\Http\Kernel.php:144
C:\Users\Digima\Documents\IQONELITE\digima-laravel10-backend\vendor\laravel\framework\src\Illuminate\Foundation\Testing\Concerns\MakesHttpRequests.php:585
C:\Users\Digima\Documents\IQONELITE\digima-laravel10-backend\vendor\laravel\framework\src\Illuminate\Foundation\Testing\Concerns\MakesHttpRequests.php:346
C:\Users\Digima\Documents\IQONELITE\digima-laravel10-backend\tests\Feature\ExampleTest.php:16

ERRORS!
Tests: 1, Assertions: 0, Errors: 1.
